// Jest Snapshot v1, https://goo.gl/fbAQLP

exports[`usePromiseTracker basic testing renders without crashing 1`] = `
<TrackingComponent>
  <p>
    noTracking
  </p>
</TrackingComponent>
`;
